feature@org.kompiro.jamcircle=COPY,/var/hudson/jobs/jamcircle-continuous-integration/workspace,org.kompiro.jamcircle
feature@org.kompiro.jamcircle.rcp.feature=COPY,/var/hudson/jobs/jamcircle-continuous-integration/workspace,org.kompiro.jamcircle.rcp.feature
plugin@org.kompiro.jamcircle.rcp=COPY,/var/hudson/jobs/jamcircle-continuous-integration/workspace,org.kompiro.jamcircle.rcp
fragment@org.kompiro.jamcircle.rcp.win32=COPY,/var/hudson/jobs/jamcircle-continuous-integration/workspace,org.kompiro.jamcircle.rcp.win32
plugin@org.sf.feeling.swt.win32.extension=COPY,/var/hudson/jobs/jamcircle-continuous-integration/workspace,org.sf.feeling.swt.win32.extension
feature@org.kompiro.jamcircle.kanban.feature=COPY,/var/hudson/jobs/jamcircle-continuous-integration/workspace,org.kompiro.jamcircle.kanban.feature
#plugin@org.jivesoftware.smack=COPY,/var/hudson/jobs/jamcircle-continuous-integration/workspace,org.jivesoftware.smack
#plugin@org.apache.commons.lang=COPY,/var/hudson/jobs/jamcircle-continuous-integration/workspace,org.apache.commons.lang
#plugin@org.mozilla.javascript=COPY,/var/hudson/jobs/jamcircle-continuous-integration/workspace,org.mozilla.javascript
#plugin@org.apache.bsf=COPY,/var/hudson/jobs/jamcircle-continuous-integration/workspace,org.apache.bsf
#plugin@org.jruby=COPY,/var/hudson/jobs/jamcircle-continuous-integration/workspace,org.jruby
plugin@org.kompiro.jamcircle.kanban=COPY,/var/hudson/jobs/jamcircle-continuous-integration/workspace,org.kompiro.jamcircle.kanban
plugin@org.kompiro.jamcircle.kanban.ui=COPY,/var/hudson/jobs/jamcircle-continuous-integration/workspace,org.kompiro.jamcircle.kanban.ui
plugin@org.kompiro.jamcircle.storage=COPY,/var/hudson/jobs/jamcircle-continuous-integration/workspace,org.kompiro.jamcircle.storage
plugin@org.kompiro.jamcircle.storage.ui=COPY,/var/hudson/jobs/jamcircle-continuous-integration/workspace,org.kompiro.jamcircle.storage.ui
plugin@org.kompiro.jamcircle.xmpp=COPY,/var/hudson/jobs/jamcircle-continuous-integration/workspace,org.kompiro.jamcircle.xmpp
plugin@org.kompiro.jamcircle.xmpp.ui=COPY,/var/hudson/jobs/jamcircle-continuous-integration/workspace,org.kompiro.jamcircle.xmpp.ui
plugin@org.kompiro.jamcircle.scripting=COPY,/var/hudson/jobs/jamcircle-continuous-integration/workspace,org.kompiro.jamcircle.scripting
feature@org.kompiro.jamcircle.scripting.feature=COPY,/var/hudson/jobs/jamcircle-continuous-integration/workspace,org.kompiro.jamcircle.scripting.feature
plugin@org.kompiro.jamcircle.scripting=COPY,/var/hudson/jobs/jamcircle-continuous-integration/workspace,org.kompiro.jamcircle.scripting
plugin@org.kompiro.jamcircle.scripting.ui=COPY,/var/hudson/jobs/jamcircle-continuous-integration/workspace,org.kompiro.jamcircle.scripting.ui
feature@org.kompiro.jamcircle.test.feature=COPY,/var/hudson/jobs/jamcircle-continuous-integration/workspace,org.kompiro.jamcircle.test.feature
fragment@org.kompiro.jamcircle.kanban.test=COPY,/var/hudson/jobs/jamcircle-continuous-integration/workspace,org.kompiro.jamcircle.kanban.test
fragment@org.kompiro.jamcircle.kanban.ui.test=COPY,/var/hudson/jobs/jamcircle-continuous-integration/workspace,org.kompiro.jamcircle.kanban.ui.test
fragment@org.kompiro.jamcircle.scripting.ui.test=COPY,/var/hudson/jobs/jamcircle-continuous-integration/workspace,org.kompiro.jamcircle.scripting.ui.test
fragment@org.kompiro.jamcircle.storage.test=COPY,/var/hudson/jobs/jamcircle-continuous-integration/workspace,org.kompiro.jamcircle.storage.test
fragment@org.kompiro.jamcircle.xmpp.test=COPY,/var/hudson/jobs/jamcircle-continuous-integration/workspace,org.kompiro.jamcircle.xmpp.test
plugin@org.mockito=COPY,/var/hudson/jobs/jamcircle-continuous-integration/workspace,org.mockito
plugin@org.kompiro.jamcircle.debug=COPY,/var/hudson/jobs/jamcircle-continuous-integration/workspace,org.kompiro.jamcircle.debug
plugin@org.kompiro.jamcircle.debug.ui=COPY,/var/hudson/jobs/jamcircle-continuous-integration/workspace,org.kompiro.jamcircle.debug.ui
fragment@org.kompiro.jamcircle.scripting.test=COPY,/var/hudson/jobs/jamcircle-continuous-integration/workspace,org.kompiro.jamcircle.scripting.test
